// Jest Snapshot v1, https://goo.gl/fbAQLP

exports[`Gets the current status of the deluge client 1`] = `
Object {
  "add_paused": false,
  "allow_remote": true,
  "auto_managed": true,
  "autoadd_enable": false,
  "autoadd_location": "/Downloads",
  "cache_expiry": 60,
  "cache_size": 512,
  "compact_allocation": false,
  "copy_torrent_file": false,
  "daemon_port": 58846,
  "del_copy_torrent_file": false,
  "dht": false,
  "dont_count_slow_torrents": false,
  "download_location": "/mnt/data",
  "enabled_plugins": Array [
    "Label",
    "AutoAdd",
    "WebUi",
    "webapi",
  ],
  "enc_in_policy": 1,
  "enc_level": 2,
  "enc_out_policy": 1,
  "enc_prefer_rc4": true,
  "geoip_db_location": "/usr/local/share/GeoIP/GeoIP.dat",
  "ignore_limits_on_local_network": true,
  "info_sent": 0,
  "listen_interface": "",
  "listen_ports": Array [
    6870,
    6871,
  ],
  "lsd": true,
  "max_active_downloading": 5,
  "max_active_limit": 600,
  "max_active_seeding": 500,
  "max_connections_global": 350,
  "max_connections_per_second": 20,
  "max_connections_per_torrent": -1,
  "max_download_speed": 8000,
  "max_download_speed_per_torrent": -1,
  "max_half_open_connections": 50,
  "max_upload_slots_global": 4,
  "max_upload_slots_per_torrent": -1,
  "max_upload_speed": 10000,
  "max_upload_speed_per_torrent": -1,
  "move_completed": false,
  "move_completed_path": "/Downloads",
  "natpmp": true,
  "new_release_check": false,
  "outgoing_ports": Array [
    0,
    0,
  ],
  "peer_tos": "0x00",
  "plugins_location": "/home/deluge/.config/deluge/plugins",
  "prioritize_first_last_pieces": false,
  "proxies": Object {
    "dht": Object {
      "hostname": "",
      "password": "",
      "port": 8080,
      "type": 0,
      "username": "",
    },
    "peer": Object {
      "hostname": "",
      "password": "",
      "port": 8080,
      "type": 0,
      "username": "",
    },
    "tracker": Object {
      "hostname": "",
      "password": "",
      "port": 8080,
      "type": 0,
      "username": "",
    },
    "web_seed": Object {
      "hostname": "",
      "password": "",
      "port": 8080,
      "type": 0,
      "username": "",
    },
  },
  "queue_new_to_top": false,
  "random_outgoing_ports": true,
  "random_port": false,
  "rate_limit_ip_overhead": true,
  "remove_seed_at_ratio": true,
  "seed_time_limit": 180,
  "seed_time_ratio_limit": 7,
  "send_info": false,
  "share_ratio_limit": 2.5,
  "stop_seed_at_ratio": true,
  "stop_seed_ratio": 2.5,
  "torrentfiles_location": "/Downloads",
  "upnp": true,
  "utpex": false,
}
`;
