// Jest Snapshot v1, https://goo.gl/fbAQLP

exports[`Gets the current status of the deluge client 1`] = `
{
  "connected": true,
  "filters": {
    "label": [
      [
        "",
        1,
      ],
      [
        "All",
        1,
      ],
    ],
    "state": [
      [
        "All",
        1,
      ],
      [
        "Downloading",
        0,
      ],
      [
        "Seeding",
        1,
      ],
      [
        "Active",
        0,
      ],
      [
        "Paused",
        0,
      ],
      [
        "Queued",
        0,
      ],
      [
        "Checking",
        0,
      ],
      [
        "Error",
        0,
      ],
    ],
    "tracker_host": [
      [
        "All",
        1,
      ],
      [
        "archlinux.org",
        1,
      ],
    ],
  },
  "stats": {
    "dht_nodes": 0,
    "download_protocol_rate": 11215,
    "download_rate": 0,
    "free_space": 4662784557056,
    "has_incoming_connections": true,
    "max_download": 8000,
    "max_num_connections": 350,
    "max_upload": 10000,
    "num_connections": 25,
    "upload_protocol_rate": 16322,
    "upload_rate": 147667,
  },
  "torrents": {
    "88928d3ca7f5d71e39037279c1ee787a80de6ea0": {
      "progress": 100,
    },
  },
}
`;
